// Jest Snapshot v1, https://goo.gl/fbAQLP

exports[`music upload button renders correctly 1`] = `
<button
  className="music-upload-button"
>
  <svg
    aria-hidden="true"
    className="svg-inline--fa fa-plus fa-lg "
    data-icon="plus"
    data-prefix="fas"
    focusable="false"
    role="img"
    style={Object {}}
    viewBox="0 0 448 512"
    xmlns="http://www.w3.org/2000/svg"
  >
    <path
      d="M256 80c0-17.7-14.3-32-32-32s-32 14.3-32 32V224H48c-17.7 0-32 14.3-32 32s14.3 32 32 32H192V432c0 17.7 14.3 32 32 32s32-14.3 32-32V288H400c17.7 0 32-14.3 32-32s-14.3-32-32-32H256V80z"
      fill="currentColor"
      style={Object {}}
    />
  </svg>
</button>
`;
